                                ;*** AILZ80ASM *** Z-80 Assembler, version 1.0.0.0, LST:Full:4
       B000                     START   EQU 0B000H
       B100                     DATA    EQU START+00100H
                                
       F37D                     BDOS    EQU 0F37DH
                                
000000 AFF9                         ORG START-7
                                
                                ;   MSX BINARY HEADER
000000 AFF9 FE                      DB  0FEH
                                ;   MSX BINARY START ADDRESS
000001 AFFA 00B0                    DW  START
                                ;   MSX BINARY END ADDRESS
000003 AFFC 15B0                    DW  LAST_ADR-1
                                ;   MSX BINARY EXEC ADDRESS
000005 AFFE 00B0                    DW  START
                                
000007 B000 AF               4      XOR A
000008 B001 1100B1          10      LD  DE,DATA
00000B B004 12               7      LD  (DE),A
00000C B005 0E1A             7      LD  C,01AH      ;DTAの設定(_SETDTA)
00000E B007 CD7DF3          17      CALL    BDOS
                                
000011 B00A 2E01             7      LD  L,1     ;ドライブ番号 Bドライブ
000013 B00C 2612             7      LD  H,18        ;読みだすセクタ数9KB
000015 B00E 110000          10      LD  DE,0        ;セクタ番号
000018 B011 0E2F             7      LD  C,02FH      ;論理セクタを用いた読み出し(_RDABS)
00001A B013 C37DF3          10      JP  BDOS
       B016                     LAST_ADR:
[EOF:ROMSIZE.ASM:UTF_8]
